clock:
  timezone: test
  hours: 36
  seconds:
  - 1
  - 1
  - 2
  - 3
